<h1>Some layout</h1>

<div>
    Some content:

    Hello TWIG!
</div>
